../Core/Src/main.c:59:6:uart_send	16	static
../Core/Src/main.c:64:6:HAL_GPIO_EXTI_Callback	24	static
../Core/Src/main.c:105:7:avg_lin	16	static
../Core/Src/main.c:116:7:avg_ang	16	static
../Core/Src/main.c:130:26:ssd1306_cmd	32	static
../Core/Src/main.c:135:26:ssd1306_data	48	static
../Core/Src/main.c:147:13:ssd1306_update_full	16	static
../Core/Src/main.c:153:6:oled_show_ssd1306_framebuffer	16	static
../Core/Src/main.c:159:13:ssd1306_init	8	static
../Core/Src/main.c:183:6:oled_show_bitmap	40	static
../Core/Src/main.c:196:6:oled_checker	16	static
../Core/Src/main.c:207:13:_show_rowmajor	40	static
../Core/Src/main.c:221:13:_show_pageorder	24	static
../Core/Src/main.c:232:6:oled_show_packed_auto	16	static
../Core/Src/main.c:239:13:MX_GPIO_Init	48	static
../Core/Src/main.c:290:13:UART1_Init	40	static
../Core/Src/main.c:322:13:MX_I2C1_Init	8	static
../Core/Src/main.c:341:5:main	312	static
